// Jest Snapshot v1, https://goo.gl/fbAQLP

exports[`renders correctly Info component 1`] = `
<View>
  <Text>
    Informações - 
    Rita Lee
  </Text>
</View>
`;
